// Jest Snapshot v1, https://goo.gl/fbAQLP

exports[`<PokemonImage /> renders correctly 1`] = `
<figure
  className="pokemon-image image is-4by3 "
  style={
    Object {
      "padding": 50,
    }
  }
>
  <svg
    style={
      Object {
        "height": 100,
        "width": 100,
      }
    }
  >
    <use
      xlinkHref="pokemon-symbols.svg#001-bulbasaur"
    />
  </svg>
</figure>
`;
